// Jest Snapshot v1, https://goo.gl/fbAQLP

exports[`GifGrid.js should show GifGrid 1`] = `
<Fragment>
  <h3>
    dragon
  </h3>
  <p
    className="animate__animated animate__bounceOutRight"
  >
    Loading
  </p>
  <div
    className="card-grid"
  />
</Fragment>
`;
